\BOOKMARK [0][-]{Doc-Start}{\376\377\000I\000n\000t\000r\000o\000d\000u\000c\000t\000i\000o\000n\000\040\000G\000\351\000n\000\351\000r\000a\000l\000e}{}% 1
\BOOKMARK [0][-]{chapter.1}{\376\377\000P\000r\000\351\000s\000e\000n\000t\000a\000t\000i\000o\000n\000\040\000g\000\351\000n\000\351\000r\000a\000l\000e\000\040\000d\000u\000\040\000p\000r\000o\000j\000e\000t}{}% 2
\BOOKMARK [1][-]{section*.1}{\376\377\000I\000n\000t\000r\000o\000d\000u\000c\000t\000i\000o\000n}{chapter.1}% 3
\BOOKMARK [1][-]{section.1.1}{\376\377\000O\000r\000g\000a\000n\000i\000s\000m\000e\000\040\000d\040\031\000a\000c\000c\000u\000e\000i\000l}{chapter.1}% 4
\BOOKMARK [2][-]{subsection.1.1.1}{\376\377\000P\000r\000\351\000s\000e\000n\000t\000a\000t\000i\000o\000n\000\040\000d\000e\000\040\000s\000o\000c\000i\000\351\000t\000\351}{section.1.1}% 5
\BOOKMARK [2][-]{subsection.1.1.2}{\376\377\000L\000e\000s\000\040\000S\000e\000r\000v\000i\000c\000e\000s}{section.1.1}% 6
\BOOKMARK [1][-]{section.1.2}{\376\377\000E\000t\000u\000d\000e\000\040\000p\000r\000\351\000a\000l\000a\000b\000l\000e}{chapter.1}% 7
\BOOKMARK [2][-]{subsection.1.2.1}{\376\377\000C\000o\000n\000t\000e\000x\000t\000e\000\040\000d\000e\000\040\000p\000r\000o\000j\000e\000t}{section.1.2}% 8
\BOOKMARK [2][-]{subsection.1.2.2}{\376\377\000P\000r\000o\000b\000l\000\351\000m\000a\000t\000i\000q\000u\000e}{section.1.2}% 9
\BOOKMARK [2][-]{subsection.1.2.3}{\376\377\000\311\000t\000u\000d\000e\000\040\000d\000e\000\040\000l\040\031\000e\000x\000i\000s\000t\000a\000n\000t}{section.1.2}% 10
\BOOKMARK [2][-]{subsection.1.2.4}{\376\377\000\311\000t\000u\000d\000e\000\040\000c\000o\000m\000p\000a\000r\000a\000t\000i\000v\000e}{section.1.2}% 11
\BOOKMARK [2][-]{subsection.1.2.5}{\376\377\000S\000o\000l\000u\000t\000i\000o\000n\000\040\000p\000r\000o\000p\000o\000s\000\351\000e}{section.1.2}% 12
\BOOKMARK [2][-]{subsection.1.2.6}{\376\377\000O\000b\000j\000e\000c\000t\000i\000f\000s}{section.1.2}% 13
\BOOKMARK [1][-]{section.1.3}{\376\377\000M\000\351\000t\000h\000o\000d\000o\000l\000o\000g\000i\000e\000\040\000d\000e\000\040\000t\000r\000a\000v\000a\000i\000l}{chapter.1}% 14
\BOOKMARK [2][-]{subsection.1.3.1}{\376\377\000\311\000t\000u\000d\000e\000\040\000c\000o\000m\000p\000a\000r\000a\000t\000i\000v\000e\000\040\000d\000e\000s\000\040\000m\000\351\000t\000h\000o\000d\000o\000l\000o\000g\000i\000e\000s}{section.1.3}% 15
\BOOKMARK [2][-]{subsection.1.3.2}{\376\377\000M\000\351\000t\000h\000o\000d\000o\000l\000o\000g\000i\000e\000\040\000a\000d\000a\000p\000t\000\351\000e}{section.1.3}% 16
\BOOKMARK [2][-]{subsection.1.3.3}{\376\377\000F\000r\000a\000m\000e\000w\000o\000r\000k\000\040\000S\000c\000r\000u\000m}{section.1.3}% 17
\BOOKMARK [2][-]{subsection.1.3.4}{\376\377\000P\000r\000o\000c\000e\000s\000s\000u\000s\000\040\000S\000c\000r\000u\000m}{section.1.3}% 18
\BOOKMARK [2][-]{subsection.1.3.5}{\376\377\000L\000e\000s\000\040\000a\000v\000a\000n\000t\000a\000g\000e\000s\000\040\000d\000e\000\040\000S\000c\000r\000u\000m}{section.1.3}% 19
\BOOKMARK [2][-]{subsection.1.3.6}{\376\377\000L\000e\000s\000\040\000a\000c\000t\000e\000u\000r\000s\000\040\000d\000e\000\040\000s\000c\000r\000u\000m\000\040}{section.1.3}% 20
\BOOKMARK [2][-]{subsection.1.3.7}{\376\377\000L\000e\000s\000\040\000a\000r\000t\000e\000f\000a\000c\000t\000s\000\040\000d\000e\000\040\000S\000c\000r\000u\000m}{section.1.3}% 21
\BOOKMARK [1][-]{section.1.4}{\376\377\000P\000l\000a\000n\000i\000f\000i\000c\000a\000t\000i\000o\000n\000\040\000i\000t\000\351\000r\000a\000t\000i\000v\000e\000\040\000d\000u\000\040\000p\000r\000o\000j\000e\000t}{chapter.1}% 22
\BOOKMARK [1][-]{section*.13}{\376\377\000C\000o\000n\000c\000l\000u\000s\000i\000o\000n}{chapter.1}% 23
\BOOKMARK [0][-]{chapter.2}{\376\377\000A\000r\000c\000h\000i\000t\000e\000c\000t\000u\000r\000e\000,\000\040\000o\000u\000t\000i\000l\000s\000\040\000e\000t\000\040\000e\000n\000v\000i\000r\000o\000n\000n\000e\000m\000e\000n\000t\000\040\000d\000e\000\040\000d\000\351\000v\000e\000l\000o\000p\000p\000e\000m\000e\000n\000t}{}% 24
\BOOKMARK [1][-]{section*.14}{\376\377\000I\000n\000t\000r\000o\000d\000u\000c\000t\000i\000o\000n}{chapter.2}% 25
\BOOKMARK [1][-]{section.2.1}{\376\377\000C\000a\000p\000t\000u\000r\000e\000\040\000d\000e\000s\000\040\000b\000e\000s\000o\000i\000n\000s}{chapter.2}% 26
\BOOKMARK [2][-]{subsection.2.1.1}{\376\377\000I\000d\000e\000n\000t\000i\000f\000i\000c\000a\000t\000i\000o\000n\000\040\000d\000e\000s\000\040\000a\000c\000t\000e\000u\000r\000s}{section.2.1}% 27
\BOOKMARK [2][-]{subsection.2.1.2}{\376\377\000B\000e\000s\000o\000i\000n\000s\000\040\000f\000o\000n\000c\000t\000i\000o\000n\000n\000e\000l\000s}{section.2.1}% 28
\BOOKMARK [1][-]{section.2.2}{\376\377\000B\000e\000s\000o\000i\000n\000s\000\040\000n\000o\000n\000\040\000f\000o\000n\000c\000t\000i\000o\000n\000n\000e\000l\000s}{chapter.2}% 29
\BOOKMARK [1][-]{section.2.3}{\376\377\000P\000r\000o\000d\000u\000c\000t\000\040\000B\000a\000c\000k\000l\000o\000g}{chapter.2}% 30
\BOOKMARK [1][-]{section.2.4}{\376\377\000L\000e\000s\000\040\000D\000i\000a\000g\000r\000a\000m\000m\000e\000s\000\040}{chapter.2}% 31
\BOOKMARK [2][-]{subsection.2.4.1}{\376\377\000D\000i\000a\000g\000r\000a\000m\000m\000e\000\040\000d\000e\000\040\000c\000a\000s\000\040\000d\040\031\000u\000t\000i\000l\000i\000s\000a\000t\000i\000o\000n\000\040\000g\000l\000o\000b\000a\000l}{section.2.4}% 32
\BOOKMARK [2][-]{subsection.2.4.2}{\376\377\000D\000i\000a\000g\000r\000a\000m\000m\000e\000\040\000d\000e\000\040\000c\000l\000a\000s\000s\000e\000s\000\040\000g\000l\000o\000b\000a\000l}{section.2.4}% 33
\BOOKMARK [1][-]{section.2.5}{\376\377\000A\000r\000c\000h\000i\000t\000e\000c\000t\000u\000r\000e\000\040\000d\000e\000\040\000l\040\031\000a\000p\000p\000l\000i\000c\000a\000t\000i\000o\000n}{chapter.2}% 34
\BOOKMARK [1][-]{section.2.6}{\376\377\000O\000u\000t\000i\000l\000s\000\040\000e\000t\000\040\000e\000n\000v\000i\000r\000o\000n\000n\000e\000m\000e\000n\000t\000\040\000d\000e\000\040\000d\000\351\000v\000e\000l\000o\000p\000p\000e\000m\000e\000n\000t}{chapter.2}% 35
\BOOKMARK [2][-]{subsection.2.6.1}{\376\377\000E\000n\000v\000i\000r\000o\000n\000n\000e\000m\000e\000n\000t\000\040\000m\000a\000t\000\351\000r\000i\000e\000l}{section.2.6}% 36
\BOOKMARK [2][-]{subsection.2.6.2}{\376\377\000E\000n\000v\000i\000r\000o\000n\000n\000e\000m\000e\000n\000t\000\040\000t\000e\000c\000h\000n\000i\000q\000u\000e}{section.2.6}% 37
\BOOKMARK [1][-]{section*.25}{\376\377\000C\000o\000n\000c\000l\000u\000s\000i\000o\000n}{chapter.2}% 38
\BOOKMARK [0][-]{chapter.3}{\376\377\000S\000p\000r\000i\000n\000t\000\040\0001\000\046\0002\000\040\000:\000\040\000A\000u\000t\000h\000e\000n\000t\000i\000f\000i\000c\000a\000t\000i\000o\000n\000\040\000,\000\040\000G\000e\000s\000t\000i\000o\000n\000\040\000d\000e\000s\000\040\000c\000o\000m\000p\000t\000e\000s\000\040\000\046\000\040\000P\000r\000o\000f\000i\000l\000\040\000,\000\040\000G\000e\000s\000t\000i\000o\000n\000\040\000d\000e\000s\000\040\000u\000t\000i\000l\000i\000s\000a\000t\000e\000u\000r\000s\000\040}{}% 39
\BOOKMARK [1][-]{section*.26}{\376\377\000I\000n\000t\000r\000o\000d\000u\000c\000t\000i\000o\000n}{chapter.3}% 40
\BOOKMARK [1][-]{section.3.1}{\376\377\000S\000p\000r\000i\000n\000t\000\040\0001\000\040\000:\000\040\000A\000u\000t\000h\000e\000n\000t\000i\000f\000i\000c\000a\000t\000i\000o\000n\000\040\000\046\000\040\000G\000e\000s\000t\000i\000o\000n\000\040\000d\000e\000s\000\040\000c\000o\000m\000p\000t\000e\000s}{chapter.3}% 41
\BOOKMARK [2][-]{subsection.3.1.1}{\376\377\000B\000a\000c\000k\000l\000o\000g\000\040\000S\000p\000r\000i\000n\000t\000\040\0001\000\040\040\023\000\040\000A\000u\000t\000h\000e\000n\000t\000i\000f\000i\000c\000a\000t\000i\000o\000n\000\040\000\046\000\040\000G\000e\000s\000t\000i\000o\000n\000\040\000d\000e\000s\000\040\000c\000o\000m\000p\000t\000e\000s}{section.3.1}% 42
\BOOKMARK [2][-]{subsection.3.1.2}{\376\377\000D\000i\000a\000g\000r\000a\000m\000m\000e\000\040\000d\000e\000s\000\040\000c\000a\000s\000\040\000d\040\031\000u\000t\000i\000l\000i\000s\000a\000t\000i\000o\000n\000\040\000d\000u\000\040\000S\000p\000r\000i\000n\000t\000\040\0001}{section.3.1}% 43
\BOOKMARK [2][-]{subsection.3.1.3}{\376\377\000R\000\351\000a\000l\000i\000s\000a\000t\000i\000o\000n\000\040\000d\000u\000\040\000S\000p\000r\000i\000n\000t\000\040\0001\000:}{section.3.1}% 44
\BOOKMARK [1][-]{section.3.2}{\376\377\000S\000p\000r\000i\000n\000t\000\040\0002\000\040\000:\000\040\000P\000r\000o\000f\000i\000l\000\040\000\046\000\040\000G\000e\000s\000t\000i\000o\000n\000\040\000d\000e\000s\000\040\000u\000t\000i\000l\000i\000s\000a\000t\000e\000u\000r\000s}{chapter.3}% 45
\BOOKMARK [2][-]{subsection.3.2.1}{\376\377\000B\000a\000c\000k\000l\000o\000g\000\040\000S\000p\000r\000i\000n\000t\000\040\0002\000\040\040\023\000\040\000P\000r\000o\000f\000i\000l\000\040\000\046\000\040\000G\000e\000s\000t\000i\000o\000n\000\040\000d\000e\000s\000\040\000u\000t\000i\000l\000i\000s\000a\000t\000e\000u\000r\000s}{section.3.2}% 46
\BOOKMARK [2][-]{subsection.3.2.2}{\376\377\000D\000i\000a\000g\000r\000a\000m\000m\000e\000\040\000d\000e\000s\000\040\000c\000a\000s\000\040\000d\040\031\000u\000t\000i\000l\000i\000s\000a\000t\000i\000o\000n\000\040\000d\000u\000\040\000S\000p\000r\000i\000n\000t\000\040\0002}{section.3.2}% 47
\BOOKMARK [2][-]{subsection.3.2.3}{\376\377\000R\000\351\000a\000l\000i\000s\000a\000t\000i\000o\000n\000\040\000d\000u\000\040\000S\000p\000r\000i\000n\000t\000\040\0002\000\040\000:\000\040}{section.3.2}% 48
\BOOKMARK [1][-]{section.3.3}{\376\377\000P\000r\000\351\000s\000e\000n\000t\000a\000t\000i\000o\000n\000\040\000d\000e\000s\000\040\000i\000n\000t\000e\000r\000f\000a\000c\000e\000\040\000d\000e\000\040\000l\000'\000a\000p\000p\000l\000i\000c\000a\000t\000i\000o\000n}{chapter.3}% 49
\BOOKMARK [1][-]{section*.37}{\376\377\000C\000o\000n\000c\000l\000u\000s\000i\000o\000n}{chapter.3}% 50
\BOOKMARK [0][-]{chapter.4}{\376\377\000R\000e\000l\000e\000a\000s\000e\000\040\0002\000:\000\040\000G\000e\000s\000t\000i\000o\000n\000\040\000d\000e\000s\000\040\000p\000o\000s\000t\000s\000,\000d\000e\000s\000\040\000s\000t\000o\000r\000i\000e\000s\000\040\000,\000e\000t\000\040\000d\000e\000s\000\040\000i\000n\000t\000e\000r\000a\000c\000t\000i\000o\000n\000s\000\040\000s\000o\000c\000i\000a\000l\000e\000s\000\040\000\046\000\040\000L\000e\000\040\000d\000a\000s\000h\000b\000o\000a\000r\000d\000\040\000a\000d\000m\000i\000n\000i\000s\000t\000r\000a\000t\000e\000u\000r\000,\000u\000n\000\040\000s\000y\000s\000t\000\350\000m\000e\000\040\000d\000e\000\040\000n\000o\000t\000i\000f\000i\000c\000a\000t\000i\000o\000n\000s\000.}{}% 51
\BOOKMARK [1][-]{section*.38}{\376\377\000I\000n\000t\000r\000o\000d\000u\000c\000t\000i\000o\000n}{chapter.4}% 52
\BOOKMARK [1][-]{section.4.1}{\376\377\000O\000b\000j\000e\000c\000t\000i\000f\000s\000\040\000d\000e\000s\000\040\000S\000p\000r\000i\000n\000t\000\040\0003\000\040\000\046\000\040\0004}{chapter.4}% 53
\BOOKMARK [2][-]{subsection.4.1.1}{\376\377\000O\000b\000j\000e\000c\000t\000i\000f\000\040\000d\000u\000\040\000s\000p\000r\000i\000n\000t\000\040\0003\000\040}{section.4.1}% 54
\BOOKMARK [2][-]{subsection.4.1.2}{\376\377\000O\000b\000j\000e\000c\000t\000i\000f\000\040\000d\000u\000\040\000s\000p\000r\000i\000n\000t\000\040\0004}{section.4.1}% 55
\BOOKMARK [1][-]{section.4.2}{\376\377\000\040\000B\000a\000c\000k\000l\000o\000g\000\040\000F\000o\000n\000c\000t\000i\000o\000n\000n\000e\000l\000\040\040\023\000\040\000S\000p\000r\000i\000n\000t\000s\000\040\0003\000\040\000\046\000\040\0004}{chapter.4}% 56
\BOOKMARK [2][-]{subsection.4.2.1}{\376\377\000B\000a\000c\000k\000l\000o\000g\000\040\000P\000r\000o\000d\000u\000i\000t\000\040\040\023\000\040\000G\000e\000s\000t\000i\000o\000n\000\040\000d\000e\000s\000\040\000p\000o\000s\000t\000s\000\040\000\046\000\040\000d\000e\000s\000\040\000s\000t\000o\000r\000i\000e\000s\000\040\000\046\000\040\000d\000e\000s\000\040\000i\000n\000t\000e\000r\000a\000c\000t\000i\000o\000n\000s\000\040\000s\000o\000c\000i\000a\000l\000e\000s\000\040}{section.4.2}% 57
\BOOKMARK [2][-]{subsection.4.2.2}{\376\377\000B\000a\000c\000k\000l\000o\000g\000\040\000P\000r\000o\000d\000u\000i\000t\000\040\040\023\000\040\000L\000e\000\040\000d\000a\000s\000h\000b\000o\000a\000r\000d\000\040\000a\000d\000m\000i\000n\000i\000s\000t\000r\000a\000t\000e\000u\000r\000\040\000\046\000\040\000u\000n\000\040\000s\000y\000s\000t\000\350\000m\000e\000\040\000d\000e\000\040\000n\000o\000t\000i\000f\000i\000c\000a\000t\000i\000o\000n\000s\000\040}{section.4.2}% 58
\BOOKMARK [1][-]{section.4.3}{\376\377\000\040\000R\000a\000f\000f\000i\000n\000e\000m\000e\000n\000t\000\040\000d\000e\000s\000\040\000c\000a\000s\000\040\000d\000'\000u\000t\000i\000l\000i\000s\000a\000t\000i\000o\000n\000\040}{chapter.4}% 59
\BOOKMARK [2][-]{subsection.4.3.1}{\376\377\000R\000a\000f\000f\000i\000n\000e\000m\000e\000n\000t\000\040\000d\000e\000s\000\040\000c\000a\000s\000\040\000d\000'\000u\000t\000i\000l\000i\000s\000a\000t\000i\000o\000n\000\040\000d\000e\000\040\000s\000p\000r\000i\000n\000t\000\040\0001\000\040}{section.4.3}% 60
\BOOKMARK [2][-]{subsection.4.3.2}{\376\377\000R\000a\000f\000f\000i\000n\000e\000m\000e\000n\000t\000\040\000d\000e\000s\000\040\000c\000a\000s\000\040\000d\000'\000u\000t\000i\000l\000i\000s\000a\000t\000i\000o\000n\000\040\000d\000e\000\040\000s\000p\000r\000i\000n\000t\000\040\0002\000\040}{section.4.3}% 61
\BOOKMARK [2][-]{subsection.4.3.3}{\376\377\000R\000a\000f\000f\000i\000n\000e\000m\000e\000n\000t\000\040\000d\000e\000\040\000c\000a\000s\000\040\000d\000'\000u\000t\000i\000l\000i\000s\000a\000t\000i\000o\000n\000\040\000d\000e\000\040\000G\000e\000s\000t\000i\000o\000n\000\040\000d\000e\000\040\000d\000a\000s\000h\000b\000o\000a\000r\000d\000\040\000a\000d\000m\000i\000n\000i\000s\000t\000r\000a\000t\000e\000u\000r}{section.4.3}% 62
\BOOKMARK [2][-]{subsection.4.3.4}{\376\377\000R\000a\000f\000f\000i\000n\000e\000m\000e\000n\000t\000\040\000d\000e\000\040\000c\000a\000s\000\040\000d\000'\000u\000t\000i\000l\000i\000s\000a\000t\000i\000o\000n\000\040\000d\000e\000\040\000G\000e\000s\000t\000i\000o\000n\000\040\000d\000e\000\040\000S\000y\000s\000t\000\351\000m\000e\000\040\000d\000e\000\040\000n\000o\000t\000i\000f\000i\000c\000a\000t\000i\000o\000n}{section.4.3}% 63
\BOOKMARK [1][-]{section.4.4}{\376\377\000D\000\351\000t\000a\000i\000l\000s\000\040\000d\000e\000s\000\040\000c\000a\000s\000\040\000d\000'\000u\000t\000i\000l\000i\000s\000a\000t\000i\000o\000n}{chapter.4}% 64
\BOOKMARK [2][-]{subsection.4.4.1}{\376\377\000D\000\351\000t\000a\000i\000l\000s\000\040\000d\000e\000s\000\040\000c\000a\000s\000\040\000d\000'\000u\000t\000i\000l\000i\000s\000a\000t\000i\000o\000n\000\040\000d\000u\000\040\000s\000p\000r\000i\000n\000t\000\040\0001}{section.4.4}% 65
\BOOKMARK [2][-]{subsection.4.4.2}{\376\377\000D\000\351\000t\000a\000i\000l\000s\000\040\000d\000e\000s\000\040\000c\000a\000s\000\040\000d\000'\000u\000t\000i\000l\000i\000s\000a\000t\000i\000o\000n\000\040\000d\000u\000\040\000s\000p\000r\000i\000n\000t\000\040\0002}{section.4.4}% 66
\BOOKMARK [0][-]{table.caption.59}{\376\377\000C\000o\000n\000c\000l\000u\000s\000i\000o\000n}{}% 67
\BOOKMARK [1][-]{section.4.5}{\376\377\000S\000y\000n\000t\000h\000\350\000s\000e\000\040\000d\000u\000\040\000P\000r\000o\000j\000e\000t}{table.caption.59}% 68
\BOOKMARK [1][-]{section.4.6}{\376\377\000R\000\351\000c\000a\000p\000i\000t\000u\000l\000a\000t\000i\000f\000\040\000d\000e\000s\000\040\000R\000\351\000a\000l\000i\000s\000a\000t\000i\000o\000n\000s}{table.caption.59}% 69
\BOOKMARK [1][-]{section.4.7}{\376\377\000A\000r\000c\000h\000i\000t\000e\000c\000t\000u\000r\000e\000\040\000T\000e\000c\000h\000n\000i\000q\000u\000e}{table.caption.59}% 70
\BOOKMARK [1][-]{section.4.8}{\376\377\000T\000e\000c\000h\000n\000o\000l\000o\000g\000i\000e\000s\000\040\000e\000t\000\040\000I\000n\000n\000o\000v\000a\000t\000i\000o\000n\000s}{table.caption.59}% 71
\BOOKMARK [1][-]{section.4.9}{\376\377\000D\000\351\000f\000i\000s\000\040\000R\000e\000l\000e\000v\000\351\000s}{table.caption.59}% 72
\BOOKMARK [1][-]{section.4.10}{\376\377\000P\000e\000r\000s\000p\000e\000c\000t\000i\000v\000e\000s\000\040\000d\000'\000\311\000v\000o\000l\000u\000t\000i\000o\000n}{table.caption.59}% 73
\BOOKMARK [1][-]{section.4.11}{\376\377\000A\000p\000p\000o\000r\000t\000\040\000P\000e\000r\000s\000o\000n\000n\000e\000l\000\040\000e\000t\000\040\000P\000r\000o\000f\000e\000s\000s\000i\000o\000n\000n\000e\000l}{table.caption.59}% 74
\BOOKMARK [1][-]{section.4.12}{\376\377\000M\000o\000t\000\040\000d\000e\000\040\000l\000a\000\040\000F\000i\000n}{table.caption.59}% 75
